02-19 16:34:55.370   618   740 I libbinder.BpBinder: onLastStrongRef automatically unlinking death recipients for descriptor: '(not cached)'
02-19 16:34:55.371 14657 14657 D NexusLauncherModelDelegate: notifySmartspaceEvent: SmartspaceTargetEvent{mSmartspaceTarget=null, mSmartspaceActionId='null', mEventType=6}
02-19 16:34:55.403   770  1712 V WindowManager: Continue transition id=103 for TaskFragmentTransaction=android.os.Binder@e481f57
02-19 16:34:55.403   770  1712 V WindowManager: continueTransitionReady deferReadyDepth=0 stack=com.android.server.wm.TransitionController.continueTransitionReady:1071 com.android.server.wm.TaskFragmentOrganizerController$TaskFragmentOrganizerState.onTransactionFinished:546 com.android.server.wm.TaskFragmentOrganizerController.onTransactionHandled:740 android.window.ITaskFragmentOrganizerController$Stub.onTransact:225 android.os.Binder.execTransactInternal:1473 
02-19 16:34:55.421 14657 14657 D BaseDepthController: setSurface:
02-19 16:34:55.421 14657 14657 D BaseDepthController: 	mWaitingOnSurfaceValidity: false
02-19 16:34:55.421 14657 14657 D BaseDepthController: 	mBaseSurface: Surface(name=com.google.android.apps.nexuslauncher/com.google.android.apps.nexuslauncher.NexusLauncherActivity#1014)/@0x847c029
02-19 16:34:55.421 14657 14657 V BaseDepthController: Applying blur: 0 to Surface(name=com.google.android.apps.nexuslauncher/com.google.android.apps.nexuslauncher.NexusLauncherActivity#1014)/@0x847c029 applyImmediately: false
02-19 16:34:55.423 14657 14657 D BaseDepthController: shouldBlurWorkspace: false targetState: Normal currentStableState: Normal mCurrentBlur: 0 mLauncher.getDepthBlurTargets(): [com.android.launcher3.Workspace{d1e82c6 V.ED..... ......ID 0,0-1080,2400 #7f0a049d app:id/workspace}, com.android.launcher3.Hotseat{cfa3287 V.ED..... ......ID 0,1905-1080,2400 #7f0a01ee app:id/hotseat}]
02-19 16:34:55.434  1050  1362 D WallpaperService: onVisibilityChanged(true): com.android.systemui.wallpapers.ImageWallpaper$CanvasEngine@dc11bbd
02-19 16:34:55.532 14657 14657 D BaseActivity: Launcher flags updated: [state_started|state_resumed|state_deferred_resumed|state_user_active] +[state_deferred_resumed]
02-19 16:34:55.533 14657 14657 D StatsLog: LAUNCHER_ONRESUME
02-19 16:34:55.562 14657 14681 D QuickstepModelDelegate: notifyAppTargetEvent action=1 launchLocation=workspace/0/[-1,-1]/[1,1]
02-19 16:34:55.579   770   819 V WindowManager: Sent Transition (#103) createdAt=02-19 16:34:55.261
02-19 16:34:55.579   770   819 V WindowManager:     startWCT=WindowContainerTransaction { changes= {} hops= [{pendingIntent: options=Bundle[{android.activity.splashScreenStyle=-1, android.activity.sourceInfo=android.app.ActivityOptions$SourceInfo@3f37bc8, android.pendingIntent.backgroundActivityAllowed=3, android.activity.launchDisplayId=0, android:activity.animAbortListener=null, android.activity.transientLaunch=true}]}] errorCallbackToken=null taskFragmentOrganizer=null }
02-19 16:34:55.583   770   819 V WindowManager:     info={id=103 t=FIRST_CUSTOM+21 f=0x80 trk=0 r=[0@Point(0, 0)] c=[
02-19 16:34:55.583   770   819 V WindowManager:         {WCT{RemoteToken{aca889c Task{cd40864 #1 type=home}}} m=TO_FRONT f=SHOW_WALLPAPER|MOVE_TO_TOP leash=Surface(name=Task=1#44)/@0xbc60fa7 sb=Rect(0, 0 - 1080, 2400) eb=Rect(0, 0 - 1080, 2400) epz=Point(1080, 2400) d=0 taskParent=-1 winMode=1 userId=0},
02-19 16:34:55.583   770   819 V WindowManager:         {WCT{RemoteToken{98f1b72 Task{3a06823 #48 type=standard A=10225:com.planet.flutter_plugin2_example}}} m=TO_BACK f=NONE leash=Surface(name=Task=48#941)/@0x2a276e6 sb=Rect(0, 0 - 1080, 2400) eb=Rect(0, 0 - 1080, 2400) epz=Point(1080, 2400) d=0 taskParent=-1 winMode=1 userId=0},
02-19 16:34:55.583   770   819 V WindowManager:         {m=TO_FRONT f=IS_WALLPAPER leash=Surface(name=WallpaperWindowToken{96b1dac}#61)/@0x3124517 sb=Rect(0, 0 - 1080, 2400) eb=Rect(0, 0 - 1080, 2400) epz=Point(1080, 2400) d=0}
02-19 16:34:55.583   770   819 V WindowManager:     ]}
02-19 16:34:55.589  1050  1097 D Bubbles : onLocusVisibilityChanged=Overview|DISABLED visible=true taskId=1
02-19 16:34:55.608  1615  1821 I AiAiEcho: Predicting[0]:  [CONTEXT sampling_count=5 ]
02-19 16:34:55.609  1615  1821 I AiAiEcho: EchoTargets: 
02-19 16:34:55.609  1615  1821 I AiAiEcho: Filtered by AiAi flag check: 
02-19 16:34:55.609  1615  1821 I AiAiEcho: [CONTEXT ratelimit_period="10 SECONDS" ]
02-19 16:34:55.616  1615  1821 I AiAiEcho: #remoteViewsTwiddler: feature disabled.
02-19 16:34:55.623  1050 12970 V WindowManagerShell: onTransitionReady(transaction=3307124836675)
02-19 16:34:55.625  1050  1097 V WindowManagerShell: onTransitionReady (#103) android.os.BinderProxy@5cad6df: {id=103 t=FIRST_CUSTOM+21 f=0x80 trk=0 r=[0@Point(0, 0)] c=[
02-19 16:34:55.625  1050  1097 V WindowManagerShell:         {m=TO_FRONT f=SHOW_WALLPAPER|MOVE_TO_TOP leash=Surface(name=Task=1#44)/@0x6e5df5 sb=Rect(0, 0 - 1080, 2400) eb=Rect(0, 0 - 1080, 2400) epz=Point(1080, 2400) d=0 taskParent=-1 winMode=1 userId=0},
02-19 16:34:55.625  1050  1097 V WindowManagerShell:         {m=TO_BACK f=NONE leash=Surface(name=Task=48#941)/@0x1cd78a sb=Rect(0, 0 - 1080, 2400) eb=Rect(0, 0 - 1080, 2400) epz=Point(1080, 2400) d=0 taskParent=-1 winMode=1 userId=0},
02-19 16:34:55.625  1050  1097 V WindowManagerShell:         {m=TO_FRONT f=IS_WALLPAPER leash=Surface(name=WallpaperWindowToken{96b1dac}#61)/@0x4b001fb sb=Rect(0, 0 - 1080, 2400) eb=Rect(0, 0 - 1080, 2400) epz=Point(1080, 2400) d=0}
02-19 16:34:55.625  1050  1097 V WindowManagerShell:     ]}
02-19 16:34:55.626  1050  1097 V WindowManagerShell: Playing animation for (#103) android.os.BinderProxy@5cad6df@0
02-19 16:34:55.626  1050  1097 V WindowManagerShell:  try firstHandler com.android.wm.shell.recents.RecentsTransitionHandler@7be3310
02-19 16:34:55.626  1050  1097 V ShellRecents: [72326956] RecentsController.start
02-19 16:34:55.636  1050  1097 V ShellRecents:   not handling home taskId=1
02-19 16:34:55.636  1050  1097 V ShellRecents:   adding pausing leaf taskId=48 at layer=8
02-19 16:34:55.637  1050  1097 V ShellRecents: Applying transaction=3307124836675
02-19 16:34:55.640  1050  1097 V ShellRecents: No matching remote found to takeover (#103)
02-19 16:34:55.640  1050  1097 V ShellSplitScreen: getSplitBoundsForTaskId: expected split bounds for taskId=48 but not found
02-19 16:34:55.640  1050  1097 V ShellRecents: [72326956] RecentsController.start: calling onAnimationStart with 2 apps
02-19 16:34:55.641  1050  1097 V WindowManagerShell: PipDesktopState: Recents transition state changed: TRANSITION_STATE_ANIMATING
02-19 16:34:55.648  1050  1097 V WindowManagerShell:  animated by firstHandler
02-19 16:34:55.649 14657 14657 D OtherActivityInputConsumer: FinishImmediatelyHandler: queuing callback
02-19 16:34:55.649 14657 14657 D OtherActivityInputConsumer: FinishImmediatelyHandler: running callback
02-19 16:34:55.655  1050  1097 V ShellRecents: [72326956] RecentsController.finishInner: toHome=false userLeave=false willFinishToHome=false state=0 hasPausingTasks=true reason=requested
02-19 16:34:55.655  1050  1097 V ShellRecents:   returning to app
02-19 16:34:55.655  1050  1097 V ShellRecents:   reorder task#48 to top
02-19 16:34:55.655  1050  1097 V ShellRecents: [72326956] RecentsController.finishInner: Queuing TRANSIT_END_RECENTS_TRANSITION
02-19 16:34:55.656  1050  1097 V WindowManagerShell: Directly starting a new transition type=END_RECENTS_TRANSITION(FIRST_CUSTOM+22) wct=WindowContainerTransaction { changes= {} hops= [{reorder: android.os.BinderProxy@c862cc2 to top}, {restoreTransientOrder: container=android.os.BinderProxy@193aed2 reparent=null mToTop=false mWindowingMode=null mActivityType=null}] errorCallbackToken=null taskFragmentOrganizer=null } handler=com.android.wm.shell.recents.RecentsTransitionHandler$RecentsController$PendingFinishTransitionHandler@404a7c4
02-19 16:34:55.663  1615  1821 I AiAiEcho: #postPredictionTargets: Sending updates to UISurface home with targets# 0 (types=[])
02-19 16:34:55.668   770  1644 V WindowManager: deferTransitionReady deferReadyDepth=1 stack=com.android.server.wm.WindowOrganizerController.applyTransaction:658 com.android.server.wm.WindowOrganizerController.applyTransaction:636 com.android.server.wm.WindowOrganizerController.lambda$startTransition$3:377 com.android.server.wm.WindowOrganizerController.$r8$lambda$PHnU0rj5Bcvaq0dL-Wi7kOJt8bo:0 com.android.server.wm.WindowOrganizerController$$ExternalSyntheticLambda5.onCollectStarted:0 
02-19 16:34:55.677   770  1644 V WindowManager: continueTransitionReady deferReadyDepth=0 stack=com.android.server.wm.WindowOrganizerController.applyTransaction:799 com.android.server.wm.WindowOrganizerController.applyTransaction:636 com.android.server.wm.WindowOrganizerController.lambda$startTransition$3:377 com.android.server.wm.WindowOrganizerController.$r8$lambda$PHnU0rj5Bcvaq0dL-Wi7kOJt8bo:0 com.android.server.wm.WindowOrganizerController$$ExternalSyntheticLambda5.onCollectStarted:0 
02-19 16:34:55.681   770  1644 V WindowManager: Defer transition id=104 for TaskFragmentTransaction=android.os.Binder@312d461
02-19 16:34:55.681   770  1644 V WindowManager: deferTransitionReady deferReadyDepth=1 stack=com.android.server.wm.TransitionController.deferTransitionReady:1061 com.android.server.wm.TaskFragmentOrganizerController$TaskFragmentOrganizerState.dispatchTransaction:517 com.android.server.wm.TaskFragmentOrganizerController.dispatchPendingEvents:1259 com.android.server.wm.TaskFragmentOrganizerController.dispatchPendingEvents:1228 com.android.server.wm.RootWindowContainer.performSurfacePlacement:777 
02-19 16:34:55.693 14657 14657 D b/417220811: invalidateLoadedTasks - previous requestLoadId: -1
02-19 16:34:55.699   770  1712 V WindowManager: Continue transition id=104 for TaskFragmentTransaction=android.os.Binder@312d461
02-19 16:34:55.699   770  1712 V WindowManager: continueTransitionReady deferReadyDepth=0 stack=com.android.server.wm.TransitionController.continueTransitionReady:1071 com.android.server.wm.TaskFragmentOrganizerController$TaskFragmentOrganizerState.onTransactionFinished:546 com.android.server.wm.TaskFragmentOrganizerController.onTransactionHandled:740 android.window.ITaskFragmentOrganizerController$Stub.onTransact:225 android.os.Binder.execTransactInternal:1473 
02-19 16:34:55.711   770   819 V WindowManager: Sent Transition (#104) createdAt=02-19 16:34:55.668
02-19 16:34:55.712   770   819 V WindowManager:     startWCT=WindowContainerTransaction { changes= {} hops= [{reorder: RemoteToken{98f1b72 Task{3a06823 #48 type=standard A=10225:com.planet.flutter_plugin2_example}} to top}, {restoreTransientOrder: container=RemoteToken{aca889c Task{cd40864 #1 type=home}} reparent=null mToTop=false mWindowingMode=null mActivityType=null}] errorCallbackToken=null taskFragmentOrganizer=null }
02-19 16:34:55.712   770   819 V WindowManager:     info={id=104 t=FIRST_CUSTOM+22 f=0x0 trk=0 r=[0@Point(0, 0)] c=[
02-19 16:34:55.712   770   819 V WindowManager:         {WCT{RemoteToken{98f1b72 Task{3a06823 #48 type=standard A=10225:com.planet.flutter_plugin2_example}}} m=CHANGE f=MOVE_TO_TOP leash=Surface(name=Task=48#941)/@0x2a276e6 sb=Rect(0, 0 - 1080, 2400) eb=Rect(0, 0 - 1080, 2400) epz=Point(1080, 2400) d=0 taskParent=-1 winMode=1 userId=0},
02-19 16:34:55.712   770   819 V WindowManager:         {WCT{RemoteToken{aca889c Task{cd40864 #1 type=home}}} m=TO_BACK f=SHOW_WALLPAPER leash=Surface(name=Task=1#44)/@0xbc60fa7 sb=Rect(0, 0 - 1080, 2400) eb=Rect(0, 0 - 1080, 2400) epz=Point(1080, 2400) d=0 taskParent=-1 winMode=1 userId=0},
02-19 16:34:55.712   770   819 V WindowManager:         {m=TO_BACK f=IS_WALLPAPER leash=Surface(name=WallpaperWindowToken{96b1dac}#61)/@0x3124517 sb=Rect(0, 0 - 1080, 2400) eb=Rect(0, 0 - 1080, 2400) epz=Point(1080, 2400) d=0}
02-19 16:34:55.712   770   819 V WindowManager:     ]}
02-19 16:34:55.717 14657 14657 D SsBaseTemplateCard: Passed-in item info is null
02-19 16:34:55.717 14657 14657 D SsBaseTemplateCard: Passed-in item info is null
02-19 16:34:55.717 14657 14657 D SsBaseTemplateCard: Passed-in item info is null
02-19 16:34:55.718 14657 14657 D SsBaseTemplateCard: Passed-in item info is null
02-19 16:34:55.718 14657 14657 I SsBaseTemplateCard: Secondary card pane is null
02-19 16:34:55.749  1050  1426 V WindowManagerShell: onTransitionReady(transaction=3307124836751)
02-19 16:34:55.749  1050  1097 V WindowManagerShell: onTransitionReady (#104) android.os.BinderProxy@6b156ad: {id=104 t=FIRST_CUSTOM+22 f=0x0 trk=0 r=[0@Point(0, 0)] c=[
02-19 16:34:55.749  1050  1097 V WindowManagerShell:         {m=CHANGE f=MOVE_TO_TOP leash=Surface(name=Task=48#941)/@0x8b8cde2 sb=Rect(0, 0 - 1080, 2400) eb=Rect(0, 0 - 1080, 2400) epz=Point(1080, 2400) d=0 taskParent=-1 winMode=1 userId=0},
02-19 16:34:55.749  1050  1097 V WindowManagerShell:         {m=TO_BACK f=SHOW_WALLPAPER leash=Surface(name=Task=1#44)/@0x436b573 sb=Rect(0, 0 - 1080, 2400) eb=Rect(0, 0 - 1080, 2400) epz=Point(1080, 2400) d=0 taskParent=-1 winMode=1 userId=0},
02-19 16:34:55.749  1050  1097 V WindowManagerShell:         {m=TO_BACK f=IS_WALLPAPER leash=Surface(name=WallpaperWindowToken{96b1dac}#61)/@0x867c30 sb=Rect(0, 0 - 1080, 2400) eb=Rect(0, 0 - 1080, 2400) epz=Point(1080, 2400) d=0}
02-19 16:34:55.749  1050  1097 V WindowManagerShell:     ]}
02-19 16:34:55.750  1050  1097 V WindowManagerShell: Transition (#104) android.os.BinderProxy@6b156ad@0 ready while (#103) android.os.BinderProxy@5cad6df@0 is still animating. Notify the animating transition in case they can be merged
02-19 16:34:55.750  1050  1097 V ShellRecents: [72326956] RecentsController.merge: TRANSIT_END_RECENTS_TRANSITION
02-19 16:34:55.750  1050  1097 V ShellRecents: [72326956] RecentsController.merge: consuming merge
02-19 16:34:55.752  1050  1097 V WindowManagerShell: Transition was merged: (#104) android.os.BinderProxy@6b156ad@0 into (#103) android.os.BinderProxy@5cad6df@0
02-19 16:34:55.752  1050  1097 V ShellRecents: [72326956] PendingFinishTransitionHandler.onTransitionConsumed: Consumed pending finish transition
02-19 16:34:55.752  1050  1097 V ShellRecents: [72326956] RecentsController.finishInner: Completing finish
02-19 16:34:55.752  1050  1097 V ShellRecents: [72326956] RecentsController.cleanup
02-19 16:34:55.752  1050  1097 V WindowManagerShell: PipDesktopState: Recents transition state changed: TRANSITION_STATE_NOT_RUNNING
02-19 16:34:55.755  1050  1097 V WindowManagerShell: Transition animation finished (aborted=false), notifying core (#103) android.os.BinderProxy@5cad6df@0
02-19 16:34:55.761   770   819 V WindowManager: Finish Transition (#103): created at 02-19 16:34:55.261 collect-started=7.122ms started=8.805ms ready=141.578ms sent=309.329ms commit=87.766ms finished=498.375ms
02-19 16:34:55.767  1050  1362 D WallpaperService: onVisibilityChanged(false): com.android.systemui.wallpapers.ImageWallpaper$CanvasEngine@dc11bbd
02-19 16:34:55.768 14657 14657 D VRI[NexusLauncherActivity]: visibilityChanged oldVisibility=true newVisibility=false
02-19 16:34:55.770   770   819 V WindowManager: Finish Transition (#104): created at 02-19 16:34:55.668 collect-started=0.092ms started=0.157ms ready=33.98ms sent=39.39ms finished=101.399ms
02-19 16:34:55.779 14657 14657 D NexusLauncherModelDelegate: notifySmartspaceEvent: SmartspaceTargetEvent{mSmartspaceTarget=null, mSmartspaceActionId='null', mEventType=7}
02-19 16:34:55.780  1050  1097 V WindowManagerShell: Track 0 became idle
02-19 16:34:55.782  1050  1097 V WindowManagerShell: All active transition animations finished
02-19 16:34:55.782  1050  1097 V ShellRecents: [72326956] RecentsController.finishInner: calling finish callback
02-19 16:34:55.782  1050  1097 V WindowManagerShell: Track 0 became idle
02-19 16:34:55.782  1050  1097 V WindowManagerShell: All active transition animations finished
02-19 16:34:55.787  1050  1097 D Bubbles : onLocusVisibilityChanged=Overview|DISABLED visible=false taskId=1
02-19 16:34:55.814 14657 14657 D BaseActivity: Launcher flags updated: [state_started|state_resumed|state_deferred_resumed] -[state_user_active]
02-19 16:34:55.815 14657 14657 D BaseActivity: Launcher flags updated: [state_started] -[state_resumed|state_deferred_resumed]
02-19 16:34:55.815 14657 14657 W SplitSelectStateCtor: Missing session instanceIds
02-19 16:34:55.815 14657 14657 D StatsLog: LAUNCHER_SPLIT_SELECTION_EXIT_INTERRUPTED
02-19 16:34:55.824  1050  1097 D WindowManagerShell: setLauncherKeepClearAreaHeight: visible=false, height=495
02-19 16:34:55.829   770  1004 D BackgroundInstallControlService: Package event received: 0
02-19 16:34:55.845 14657 14657 D BaseActivity: Launcher flags updated: [] -[state_started]
02-19 16:34:55.846 14657 14657 D BaseDepthController: setSurface:
02-19 16:34:55.846 14657 14657 D BaseDepthController: 	mWaitingOnSurfaceValidity: false
02-19 16:34:55.846 14657 14657 D BaseDepthController: 	mBaseSurface: null
02-19 16:34:55.846 14657 14657 D BaseDepthController: mSurface is null and mCurrentBlur is: 0
02-19 16:34:55.856 14657 14657 D LauncherStateManager: StateManager.goToState: fromState: Normal, toState: Normal, partial trace:
02-19 16:34:55.856 14657 14657 D LauncherStateManager: 	at com.android.launcher3.statemanager.StateManager.moveToRestState(go/retraceme 7101499b44b219b757f6885b35ae099b24fc769225595efcaaacae5b0f94500b:6)
02-19 16:34:55.856 14657 14657 D LauncherStateManager: 	at com.android.launcher3.statemanager.StateManager.moveToRestState(go/retraceme 7101499b44b219b757f6885b35ae099b24fc769225595efcaaacae5b0f94500b:2)
02-19 16:34:55.856 14657 14657 D LauncherStateManager: 	at com.android.launcher3.statemanager.StatefulActivity.onStop(go/retraceme 7101499b44b219b757f6885b35ae099b24fc769225595efcaaacae5b0f94500b:32)
02-19 16:34:55.856 14657 14657 D LauncherStateManager: StateManager.onRepeatStateSetAborted: state: Normal
02-19 16:34:55.857 14657 14657 D ActivityContext: hideKeyboard
02-19 16:34:55.858 14657 14657 D ActivityContext: isImeShown: false
02-19 16:34:55.858 14657 14657 D StatsLog: LAUNCHER_ONSTOP
02-19 16:34:55.861 14657 14657 D StatsLog: LAUNCHER_GOOGLE_SEARCH_RESTORE_LIST_SIZE_AFTER_ACTIVITY_RESTART
02-19 16:34:55.866   770  1004 D BackgroundInstallControlService: Package event received: 0
02-19 16:34:55.932 14657 14657 D b/417220811: invalidateLoadedTasks - previous requestLoadId: -1
02-19 16:34:55.970 14657 14664 W System  : A resource failed to call release. 
02-19 16:34:55.970 14657 14664 W System  : A resource failed to call release. 
02-19 16:34:55.970 14657 14664 W System  : A resource failed to call release. 
02-19 16:34:55.970 14657 14664 W System  : A resource failed to call release. 
02-19 16:34:56.245  1198  1347 D SatelliteController: iisInCarrierRoamingNbIotNtn: satellite is disabled
02-19 16:34:56.249  1198  1347 D SatelliteController: getCarrierRoamingNtnConnectType: Falling back to global carrier config connect type: 0
02-19 16:34:56.419   770   944 I HalDevMgr: bestIfaceCreationProposal is null, requestIface=STA, existingIface=[name=wlan0 type=STA]
02-19 16:34:57.909  1037  1037 I wpa_supplicant: wlan0: CTRL-EVENT-BEACON-LOSS 
02-19 16:34:58.277  8602  9066 D android.hardware.audio@7.1-impl.ranchu: threadLoop: entering standby, frames: 2958272
02-19 16:34:58.277  8602  9066 D android.hardware.audio@7.1-impl.ranchu: ~TinyalsaSink: joining consumeThread
02-19 16:34:58.297  8602 24094 D android.hardware.audio@7.1-impl.ranchu: consumeThread: exiting
02-19 16:34:58.305  8602  9066 D android.hardware.audio@7.1-impl.ranchu: ~TinyalsaSink: stopping PCM stream
02-19 16:34:58.503  1050  1050 I ClipboardListener: Clipboard overlay suppressed.
02-19 16:34:58.526  1615  1885 I AiAiTranslate: C2T - not in a conversation
02-19 16:34:58.694   770  1682 E TaskPersister: File error accessing recents directory (directory doesn't exist?).
02-19 16:34:58.892  1615  1885 I AiAiTranslate: C2T - not in a conversation
02-19 16:34:58.904  1050  1050 I ClipboardListener: Clipboard overlay suppressed.
02-19 16:34:59.451   770   944 I HalDevMgr: bestIfaceCreationProposal is null, requestIface=STA, existingIface=[name=wlan0 type=STA]
02-19 16:35:02.470   770   944 I HalDevMgr: bestIfaceCreationProposal is null, requestIface=STA, existingIface=[name=wlan0 type=STA]
02-19 16:35:05.489   770   944 I HalDevMgr: bestIfaceCreationProposal is null, requestIface=STA, existingIface=[name=wlan0 type=STA]
02-19 16:35:06.103  1037  1037 I wpa_supplicant: wlan0: CTRL-EVENT-BEACON-LOSS 
02-19 16:35:06.235  1198  1347 D SatelliteController: iisInCarrierRoamingNbIotNtn: satellite is disabled
02-19 16:35:06.237  1198  1347 D SatelliteController: getCarrierRoamingNtnConnectType: Falling back to global carrier config connect type: 0
02-19 16:35:08.507   770   944 I HalDevMgr: bestIfaceCreationProposal is null, requestIface=STA, existingIface=[name=wlan0 type=STA]
02-19 16:35:11.520   770   944 I HalDevMgr: bestIfaceCreationProposal is null, requestIface=STA, existingIface=[name=wlan0 type=STA]
02-19 16:35:11.862  1615  1885 I AiAiTranslate: C2T - not in a conversation
02-19 16:35:11.866  1050  1050 I ClipboardListener: Clipboard overlay suppressed.
02-19 16:35:12.174  1615  1885 I AiAiTranslate: C2T - not in a conversation
02-19 16:35:12.186  1050  1050 I ClipboardListener: Clipboard overlay suppressed.
02-19 16:35:13.193  1615  1885 I AiAiTranslate: C2T - not in a conversation
02-19 16:35:13.218  1615  1885 I AiAiTranslate: C2T - not in a conversation
02-19 16:35:13.220  1050  1050 I ClipboardListener: Clipboard overlay suppressed.
02-19 16:35:13.238  1050  1050 I ClipboardListener: Clipboard overlay suppressed.
02-19 16:35:14.038  1037  1037 I wpa_supplicant: wlan0: CTRL-EVENT-BEACON-LOSS 
02-19 16:35:14.404  1615  1885 I AiAiTranslate: C2T - not in a conversation
02-19 16:35:14.423  1050  1050 I ClipboardListener: Clipboard overlay suppressed.
02-19 16:35:14.541   770   944 I HalDevMgr: bestIfaceCreationProposal is null, requestIface=STA, existingIface=[name=wlan0 type=STA]
02-19 16:35:16.236  1198  1347 D SatelliteController: iisInCarrierRoamingNbIotNtn: satellite is disabled
02-19 16:35:16.239  1198  1347 D SatelliteController: getCarrierRoamingNtnConnectType: Falling back to global carrier config connect type: 0
02-19 16:35:17.555   770   944 I HalDevMgr: bestIfaceCreationProposal is null, requestIface=STA, existingIface=[name=wlan0 type=STA]
02-19 16:35:20.564   770   944 I HalDevMgr: bestIfaceCreationProposal is null, requestIface=STA, existingIface=[name=wlan0 type=STA]
02-19 16:35:21.974  1037  1037 I wpa_supplicant: wlan0: CTRL-EVENT-BEACON-LOSS 
02-19 16:35:23.576   770   944 I HalDevMgr: bestIfaceCreationProposal is null, requestIface=STA, existingIface=[name=wlan0 type=STA]
02-19 16:35:26.235  1198  1347 D SatelliteController: iisInCarrierRoamingNbIotNtn: satellite is disabled
02-19 16:35:26.235  1198  1347 D SatelliteController: getCarrierRoamingNtnConnectType: Falling back to global carrier config connect type: 0
02-19 16:35:26.588   770   944 I HalDevMgr: bestIfaceCreationProposal is null, requestIface=STA, existingIface=[name=wlan0 type=STA]
02-19 16:35:29.602   770   944 I HalDevMgr: bestIfaceCreationProposal is null, requestIface=STA, existingIface=[name=wlan0 type=STA]
02-19 16:35:29.909  1037  1037 I wpa_supplicant: wlan0: CTRL-EVENT-BEACON-LOSS 
02-19 16:35:32.618   770   944 I HalDevMgr: bestIfaceCreationProposal is null, requestIface=STA, existingIface=[name=wlan0 type=STA]
02-19 16:35:35.628   770   944 I HalDevMgr: bestIfaceCreationProposal is null, requestIface=STA, existingIface=[name=wlan0 type=STA]
02-19 16:35:36.235  1198  1347 D SatelliteController: iisInCarrierRoamingNbIotNtn: satellite is disabled
02-19 16:35:36.239  1198  1347 D SatelliteController: getCarrierRoamingNtnConnectType: Falling back to global carrier config connect type: 0
02-19 16:35:38.106  1037  1037 I wpa_supplicant: wlan0: CTRL-EVENT-BEACON-LOSS 
02-19 16:35:38.649   770   944 I HalDevMgr: bestIfaceCreationProposal is null, requestIface=STA, existingIface=[name=wlan0 type=STA]
02-19 16:35:41.662   770   944 I HalDevMgr: bestIfaceCreationProposal is null, requestIface=STA, existingIface=[name=wlan0 type=STA]
02-19 16:35:44.673   770   944 I HalDevMgr: bestIfaceCreationProposal is null, requestIface=STA, existingIface=[name=wlan0 type=STA]
02-19 16:35:46.037  1037  1037 I wpa_supplicant: wlan0: CTRL-EVENT-BEACON-LOSS 
02-19 16:35:46.248  1198  1347 D SatelliteController: iisInCarrierRoamingNbIotNtn: satellite is disabled
02-19 16:35:46.249  1198  1347 D SatelliteController: getCarrierRoamingNtnConnectType: Falling back to global carrier config connect type: 0
02-19 16:35:47.684   770   944 I HalDevMgr: bestIfaceCreationProposal is null, requestIface=STA, existingIface=[name=wlan0 type=STA]
02-19 16:35:50.695   770   944 I HalDevMgr: bestIfaceCreationProposal is null, requestIface=STA, existingIface=[name=wlan0 type=STA]
02-19 16:35:50.976   770   940 D NetworkStatsObservers: Registering observer for RequestInfo from pid/uid:770/1000(android) for DataUsageRequest [ requestId=49, networkTemplate=NetworkTemplate: matchRule=MOBILE, matchSubscriberIds=[310260...], matchWifiNetworkKeys=[], metered=YES, defaultNetwork=NO, thresholdInBytes=4359528 ] accessLevel:3
02-19 16:35:50.976   770  1048 D NetworkStatsObservers: Unregistering RequestInfo from pid/uid:770/1000(android) for DataUsageRequest [ requestId=48, networkTemplate=NetworkTemplate: matchRule=MOBILE, matchSubscriberIds=[310260...], matchWifiNetworkKeys=[], metered=YES, defaultNetwork=NO, thresholdInBytes=4359721 ] accessLevel:3
02-19 16:35:53.705   770   944 I HalDevMgr: bestIfaceCreationProposal is null, requestIface=STA, existingIface=[name=wlan0 type=STA]
02-19 16:35:53.973  1037  1037 I wpa_supplicant: wlan0: CTRL-EVENT-BEACON-LOSS 
02-19 16:35:56.240  1198  1347 D SatelliteController: iisInCarrierRoamingNbIotNtn: satellite is disabled
02-19 16:35:56.242  1198  1347 D SatelliteController: getCarrierRoamingNtnConnectType: Falling back to global carrier config connect type: 0
02-19 16:35:56.716   770   944 I HalDevMgr: bestIfaceCreationProposal is null, requestIface=STA, existingIface=[name=wlan0 type=STA]
02-19 16:35:59.726   770   944 I HalDevMgr: bestIfaceCreationProposal is null, requestIface=STA, existingIface=[name=wlan0 type=STA]
02-19 16:36:01.910  1037  1037 I wpa_supplicant: wlan0: CTRL-EVENT-BEACON-LOSS 
02-19 16:36:02.738   770   944 I HalDevMgr: bestIfaceCreationProposal is null, requestIface=STA, existingIface=[name=wlan0 type=STA]
02-19 16:36:05.757   770   944 I HalDevMgr: bestIfaceCreationProposal is null, requestIface=STA, existingIface=[name=wlan0 type=STA]
02-19 16:36:06.240  1198  1347 D SatelliteController: iisInCarrierRoamingNbIotNtn: satellite is disabled
02-19 16:36:06.245  1198  1347 D SatelliteController: getCarrierRoamingNtnConnectType: Falling back to global carrier config connect type: 0
02-19 16:36:08.766   770   944 I HalDevMgr: bestIfaceCreationProposal is null, requestIface=STA, existingIface=[name=wlan0 type=STA]
02-19 16:36:10.101  1037  1037 I wpa_supplicant: wlan0: CTRL-EVENT-BEACON-LOSS 
02-19 16:36:10.668   770  1645 D WifiNl80211Manager: Scan result ready event
02-19 16:36:10.669   770  1645 D WifiNative: Scan result ready event
02-19 16:36:10.687 20135 20166 I WifiScanner: onFullResults
02-19 16:36:10.692 20135 20246 I WifiScanner: onFullResults
02-19 16:36:10.704   770   944 I HalDevMgr: bestIfaceCreationProposal is null, requestIface=STA, existingIface=[name=wlan0 type=STA]
02-19 16:36:11.780   770   944 I HalDevMgr: bestIfaceCreationProposal is null, requestIface=STA, existingIface=[name=wlan0 type=STA]
02-19 16:36:14.787   770   944 I HalDevMgr: bestIfaceCreationProposal is null, requestIface=STA, existingIface=[name=wlan0 type=STA]
02-19 16:36:16.242  1198  1347 D SatelliteController: iisInCarrierRoamingNbIotNtn: satellite is disabled
02-19 16:36:16.245  1198  1347 D SatelliteController: getCarrierRoamingNtnConnectType: Falling back to global carrier config connect type: 0
02-19 16:36:17.794   770   944 I HalDevMgr: bestIfaceCreationProposal is null, requestIface=STA, existingIface=[name=wlan0 type=STA]
02-19 16:36:18.038  1037  1037 I wpa_supplicant: wlan0: CTRL-EVENT-BEACON-LOSS 
02-19 16:36:20.807   770   944 I HalDevMgr: bestIfaceCreationProposal is null, requestIface=STA, existingIface=[name=wlan0 type=STA]
02-19 16:36:23.821   770   944 I HalDevMgr: bestIfaceCreationProposal is null, requestIface=STA, existingIface=[name=wlan0 type=STA]
02-19 16:36:25.975  1037  1037 I wpa_supplicant: wlan0: CTRL-EVENT-BEACON-LOSS 
02-19 16:36:26.244  1198  1347 D SatelliteController: iisInCarrierRoamingNbIotNtn: satellite is disabled
02-19 16:36:26.245  1198  1347 D SatelliteController: getCarrierRoamingNtnConnectType: Falling back to global carrier config connect type: 0
02-19 16:36:26.837   770   944 I HalDevMgr: bestIfaceCreationProposal is null, requestIface=STA, existingIface=[name=wlan0 type=STA]
02-19 16:36:29.878   770   944 I HalDevMgr: bestIfaceCreationProposal is null, requestIface=STA, existingIface=[name=wlan0 type=STA]
02-19 16:36:30.447 23462 23504 I plugin2_example: Background young concurrent mark compact GC freed 2124KB AllocSpace bytes, 0(0B) LOS objects, 30% free, 4651KB/6703KB, paused 2.510ms,9.323ms total 54.598ms
02-19 16:36:32.888   770   944 I HalDevMgr: bestIfaceCreationProposal is null, requestIface=STA, existingIface=[name=wlan0 type=STA]
02-19 16:36:33.910  1037  1037 I wpa_supplicant: wlan0: CTRL-EVENT-BEACON-LOSS 
02-19 16:36:35.559   770   841 D AppOpHistoryHelper: MetricHandler reporting 6 records.
02-19 16:36:35.902   770   944 I HalDevMgr: bestIfaceCreationProposal is null, requestIface=STA, existingIface=[name=wlan0 type=STA]
02-19 16:36:36.243  1198  1347 D SatelliteController: iisInCarrierRoamingNbIotNtn: satellite is disabled
02-19 16:36:36.243  1198  1347 D SatelliteController: getCarrierRoamingNtnConnectType: Falling back to global carrier config connect type: 0
02-19 16:36:38.915   770   944 I HalDevMgr: bestIfaceCreationProposal is null, requestIface=STA, existingIface=[name=wlan0 type=STA]
02-19 16:36:41.936   770   944 I HalDevMgr: bestIfaceCreationProposal is null, requestIface=STA, existingIface=[name=wlan0 type=STA]
02-19 16:36:42.101  1037  1037 I wpa_supplicant: wlan0: CTRL-EVENT-BEACON-LOSS 
02-19 16:36:44.946   770   944 I HalDevMgr: bestIfaceCreationProposal is null, requestIface=STA, existingIface=[name=wlan0 type=STA]
02-19 16:36:46.243  1198  1347 D SatelliteController: iisInCarrierRoamingNbIotNtn: satellite is disabled
02-19 16:36:46.244  1198  1347 D SatelliteController: getCarrierRoamingNtnConnectType: Falling back to global carrier config connect type: 0
